SELECT maximum('{1,4,5,6,7}'::integer[],5);
   maximum   
-------------
 {5,5,5,6,7}
(1 row)

