SELECT minimum('{1,4,5,6,7}'::integer[],5);
   minimum   
-------------
 {1,4,5,5,5}
(1 row)

