SELECT minus('{1,2}'::integer[], '{3,4}'::integer[])
  minus  
---------
 {-2,-2}
(1 row)

