-- Basic sorting
SELECT sort('{}'::int[]);
 sort 
------
 {}
(1 row)

SELECT sort('{1}'::int[]);
 sort 
------
 {1}
(1 row)

SELECT sort('{5,1,4,6}'::int[]);
   sort    
-----------
 {1,4,5,6}
(1 row)

--Support Types
SELECT sort('{5,1,4,6}'::smallint[]);
   sort    
-----------
 {1,4,5,6}
(1 row)

SELECT sort('{5,1,4,6}'::bigint[]);
   sort    
-----------
 {1,4,5,6}
(1 row)

SELECT sort('{5,1,4,6}'::real[]);
   sort    
-----------
 {1,4,5,6}
(1 row)

SELECT sort('{5,1,4,6}'::double precision[]);
   sort    
-----------
 {1,4,5,6}
(1 row)

-- Unsupported type
SELECT SORT(ARRAY[true,true,false]);
ERROR:  Unsupported array type
-- Check reverse
SELECT reverse('{}'::int[]);
 reverse 
---------
 {}
(1 row)

SELECT reverse('{1}'::int[]);
 reverse 
---------
 {1}
(1 row)

SELECT reverse('{5,1,4,6}'::int[]);
  reverse  
-----------
 {6,4,1,5}
(1 row)

-- Check other types
SELECT reverse(ARRAY[true,true,false]);
 reverse 
---------
 {f,t,t}
(1 row)

SELECT reverse(ARRAY['cat', 'dog', 'rat']);
    reverse    
---------------
 {rat,dog,cat}
(1 row)

--multi dimesnion 
SELECT reverse('{{5,1},{4,6}}'::int[]);
ERROR:  Currently reverse only support 1d arrays
