SELECT '{1,2}'::integer[] + '{3,4}'::integer[]
 ?column? 
----------
 {4,6}
(1 row)

